// Jest Snapshot v1, https://goo.gl/fbAQLP

exports[`App - snapshot test 1`] = `
<section
  className="Page-s1tu64uk-0 dtuksh"
>
  <section
    className="Page-s1tu64uk-0 gTqtpG"
  >
    <section
      className="Center-s1591g59-0 fxlYbf"
    >
      <span
        className="Text-s4x4i9j-0 coPFDn"
        fontSize="10vw"
      >
        Not Found Page
      </span>
    </section>
    <section
      className="Center-s1591g59-0 fxlYbf"
    >
      <a
        href="/"
        onClick={[Function]}
      >
        <span
          className="Text-s4x4i9j-0 jtCEET"
          fontSize="5vw"
        >
          Go to Index Page
        </span>
      </a>
    </section>
  </section>
</section>
`;
