// Jest Snapshot v1, https://goo.gl/fbAQLP

exports[`IndexPage - snapshot test 1`] = `
<section
  className="Page-s1tu64uk-0 bzOuoB"
>
  <section
    className="Center-s1591g59-0 fxlYbf"
  >
    <span
      className="Text-s4x4i9j-0 coPFDn"
      fontSize="10vw"
    >
      Index Page
    </span>
  </section>
  <section
    className="Center-s1591g59-0 fxlYbf"
  >
    <a
      href="/not-found"
      onClick={[Function]}
    >
      <span
        className="Text-s4x4i9j-0 jtCEET"
        fontSize="5vw"
      >
        Go to Not Found Page
      </span>
    </a>
  </section>
</section>
`;
